---
http_interactions:
- request:
    method: get
    uri: "<API-URL>/posts/2"
    body:
      encoding: US-ASCII
      string: ''
    headers:
      Accept-Encoding:
      - gzip;q=1.0,deflate;q=0.6,identity;q=0.3
      Accept:
      - "*/*"
      User-Agent:
      - Ruby
  response:
    status:
      code: 200
      message: OK
    headers:
      Date:
      - Tue, 24 Oct 2023 23:58:15 GMT
      Content-Type:
      - application/json; charset=utf-8
      Transfer-Encoding:
      - chunked
      Connection:
      - keep-alive
      X-Powered-By:
      - Express
      X-Ratelimit-Limit:
      - '1000'
      X-Ratelimit-Remaining:
      - '999'
      X-Ratelimit-Reset:
      - '1698182229'
      Vary:
      - Origin, Accept-Encoding
      Access-Control-Allow-Credentials:
      - 'true'
      Cache-Control:
      - max-age=43200
      Pragma:
      - no-cache
      Expires:
      - "-1"
      X-Content-Type-Options:
      - nosniff
      Etag:
      - W/"116-jnDuMpjju89+9j7e0BqkdFsVRjs"
      Via:
      - 1.1 vegur
      Cf-Cache-Status:
      - HIT
      Age:
      - '9670'
      Report-To:
      - '{"endpoints":[{"url":"https:\/\/a.nel.cloudflare.com\/report\/v3?s=UtCMUfjE0tjS7CT07YHQNs34BruPv1GQIk96PhRCEoWT2X34JVuxGA%2F3ue7HF0cWb1wR8b3w7qVbnifIvJHS8n8Ux3%2BwaF%2Bh1ODpXr4PydxCNKVwRnwTzeCrUgRgNzdE872B8OzV4kMDrM686vNQ"}],"group":"cf-nel","max_age":604800}'
      Nel:
      - '{"success_fraction":0,"report_to":"cf-nel","max_age":604800}'
      Server:
      - cloudflare
      Cf-Ray:
      - 81b62ab1c83067d5-MIA
      Alt-Svc:
      - h3=":443"; ma=86400
    body:
      encoding: ASCII-8BIT
      string: |-
        {
          "userId": 1,
          "id": 2,
          "title": "qui est esse",
          "body": "est rerum tempore vitae\nsequi sint nihil reprehenderit dolor beatae ea dolores neque\nfugiat blanditiis voluptate porro vel nihil molestiae ut reiciendis\nqui aperiam non debitis possimus qui neque nisi nulla"
        }
  recorded_at: Tue, 24 Oct 2023 23:58:15 GMT
- request:
    method: get
    uri: "<API-URL>/posts/3"
    body:
      encoding: US-ASCII
      string: ''
    headers:
      Accept-Encoding:
      - gzip;q=1.0,deflate;q=0.6,identity;q=0.3
      Accept:
      - "*/*"
      User-Agent:
      - Ruby
  response:
    status:
      code: 200
      message: OK
    headers:
      Date:
      - Wed, 25 Oct 2023 00:21:03 GMT
      Content-Type:
      - application/json; charset=utf-8
      Transfer-Encoding:
      - chunked
      Connection:
      - keep-alive
      X-Powered-By:
      - Express
      X-Ratelimit-Limit:
      - '1000'
      X-Ratelimit-Remaining:
      - '999'
      X-Ratelimit-Reset:
      - '1698193270'
      Vary:
      - Origin, Accept-Encoding
      Access-Control-Allow-Credentials:
      - 'true'
      Cache-Control:
      - max-age=43200
      Pragma:
      - no-cache
      Expires:
      - "-1"
      X-Content-Type-Options:
      - nosniff
      Etag:
      - W/"11b-USacuIw5a/iXAGdNKBvqr/TbMTc"
      Via:
      - 1.1 vegur
      Cf-Cache-Status:
      - MISS
      Report-To:
      - '{"endpoints":[{"url":"https:\/\/a.nel.cloudflare.com\/report\/v3?s=lx3IF3FI2VXZFdaooxVx7giin5%2Brie6thwUXfXVkghXaMEQz2MC9JRs6F4O6wElZ1BnCrxMz5ULRwavpexi8u26pYSyquGLBtRGRVjmMpskhZilT%2FxB9WvcD%2FsCEySzHys7Tp3aJIA4%2FiuECIDyr"}],"group":"cf-nel","max_age":604800}'
      Nel:
      - '{"success_fraction":0,"report_to":"cf-nel","max_age":604800}'
      Server:
      - cloudflare
      Cf-Ray:
      - 81b64c15fc8f5071-BSB
      Alt-Svc:
      - h3=":443"; ma=86400
    body:
      encoding: ASCII-8BIT
      string: |-
        {
          "userId": 1,
          "id": 3,
          "title": "ea molestias quasi exercitationem repellat qui ipsa sit aut",
          "body": "et iusto sed quo iure\nvoluptatem occaecati omnis eligendi aut ad\nvoluptatem doloribus vel accusantium quis pariatur\nmolestiae porro eius odio et labore et velit aut"
        }
  recorded_at: Wed, 25 Oct 2023 00:21:03 GMT
- request:
    method: get
    uri: "<API-URL>/posts/4"
    body:
      encoding: US-ASCII
      string: ''
    headers:
      Accept-Encoding:
      - gzip;q=1.0,deflate;q=0.6,identity;q=0.3
      Accept:
      - "*/*"
      User-Agent:
      - Ruby
  response:
    status:
      code: 200
      message: OK
    headers:
      Date:
      - Wed, 25 Oct 2023 00:21:37 GMT
      Content-Type:
      - application/json; charset=utf-8
      Transfer-Encoding:
      - chunked
      Connection:
      - keep-alive
      Report-To:
      - '{"group":"heroku-nel","max_age":3600,"endpoints":[{"url":"https://nel.heroku.com/reports?ts=1698193297&sid=e11707d5-02a7-43ef-b45e-2cf4d2036f7d&s=Q714a2OkGt7Ds7l0JqCXaYQP8I2Y7lu2rW7B7wzfuzw%3D"}]}'
      Reporting-Endpoints:
      - heroku-nel=https://nel.heroku.com/reports?ts=1698193297&sid=e11707d5-02a7-43ef-b45e-2cf4d2036f7d&s=Q714a2OkGt7Ds7l0JqCXaYQP8I2Y7lu2rW7B7wzfuzw%3D
      Nel:
      - '{"report_to":"heroku-nel","max_age":3600,"success_fraction":0.005,"failure_fraction":0.05,"response_headers":["Via"]}'
      X-Powered-By:
      - Express
      X-Ratelimit-Limit:
      - '1000'
      X-Ratelimit-Remaining:
      - '999'
      X-Ratelimit-Reset:
      - '1698193330'
      Vary:
      - Origin, Accept-Encoding
      Access-Control-Allow-Credentials:
      - 'true'
      Cache-Control:
      - max-age=43200
      Pragma:
      - no-cache
      Expires:
      - "-1"
      X-Content-Type-Options:
      - nosniff
      Etag:
      - W/"10e-HqG77o1RAmatkSwR36f4+Io6g1E"
      Via:
      - 1.1 vegur
      Cf-Cache-Status:
      - MISS
      Server:
      - cloudflare
      Cf-Ray:
      - 81b64ceb79ea506c-BSB
      Alt-Svc:
      - h3=":443"; ma=86400
    body:
      encoding: ASCII-8BIT
      string: |-
        {
          "userId": 1,
          "id": 4,
          "title": "eum et est occaecati",
          "body": "ullam et saepe reiciendis voluptatem adipisci\nsit amet autem assumenda provident rerum culpa\nquis hic commodi nesciunt rem tenetur doloremque ipsam iure\nquis sunt voluptatem rerum illo velit"
        }
  recorded_at: Wed, 25 Oct 2023 00:21:37 GMT
recorded_with: VCR 6.2.0
